mode: set
xiaozhi-esp32-server-golang/internal/pkg/nats/client.go:26.39,30.66 1 0
xiaozhi-esp32-server-golang/internal/pkg/nats/client.go:30.66,32.4 1 0
xiaozhi-esp32-server-golang/internal/pkg/nats/client.go:33.51,35.4 1 0
xiaozhi-esp32-server-golang/internal/pkg/nats/client.go:36.48,38.4 1 0
xiaozhi-esp32-server-golang/internal/pkg/nats/client.go:41.2,41.26 1 0
xiaozhi-esp32-server-golang/internal/pkg/nats/client.go:41.26,43.3 1 0
xiaozhi-esp32-server-golang/internal/pkg/nats/client.go:45.2,46.16 2 0
xiaozhi-esp32-server-golang/internal/pkg/nats/client.go:46.16,48.3 1 0
xiaozhi-esp32-server-golang/internal/pkg/nats/client.go:50.2,51.16 2 0
xiaozhi-esp32-server-golang/internal/pkg/nats/client.go:51.16,54.3 2 0
xiaozhi-esp32-server-golang/internal/pkg/nats/client.go:56.2,59.8 1 0
xiaozhi-esp32-server-golang/internal/pkg/nats/client.go:63.69,74.16 3 0
xiaozhi-esp32-server-golang/internal/pkg/nats/client.go:74.16,76.3 1 0
xiaozhi-esp32-server-golang/internal/pkg/nats/client.go:78.2,78.38 1 0
xiaozhi-esp32-server-golang/internal/pkg/nats/client.go:82.98,93.16 3 0
xiaozhi-esp32-server-golang/internal/pkg/nats/client.go:93.16,95.3 1 0
xiaozhi-esp32-server-golang/internal/pkg/nats/client.go:97.2,97.41 1 0
xiaozhi-esp32-server-golang/internal/pkg/nats/client.go:101.107,103.2 1 0
xiaozhi-esp32-server-golang/internal/pkg/nats/client.go:106.119,108.2 1 0
xiaozhi-esp32-server-golang/internal/pkg/nats/client.go:111.125,113.2 1 0
xiaozhi-esp32-server-golang/internal/pkg/nats/client.go:116.108,127.16 3 0
xiaozhi-esp32-server-golang/internal/pkg/nats/client.go:127.16,129.3 1 0
xiaozhi-esp32-server-golang/internal/pkg/nats/client.go:131.2,131.47 1 0
xiaozhi-esp32-server-golang/internal/pkg/nats/client.go:135.94,137.35 2 0
xiaozhi-esp32-server-golang/internal/pkg/nats/client.go:137.35,138.53 1 0
xiaozhi-esp32-server-golang/internal/pkg/nats/client.go:138.53,140.22 2 0
xiaozhi-esp32-server-golang/internal/pkg/nats/client.go:140.22,142.5 1 0
xiaozhi-esp32-server-golang/internal/pkg/nats/client.go:143.4,143.12 1 0
xiaozhi-esp32-server-golang/internal/pkg/nats/client.go:145.3,145.13 1 0
xiaozhi-esp32-server-golang/internal/pkg/nats/client.go:147.2,147.79 1 0
xiaozhi-esp32-server-golang/internal/pkg/nats/client.go:151.26,152.19 1 0
xiaozhi-esp32-server-golang/internal/pkg/nats/client.go:152.19,154.3 1 0
xiaozhi-esp32-server-golang/internal/pkg/nats/client.go:158.37,160.2 1 1
xiaozhi-esp32-server-golang/internal/pkg/nats/client.go:163.40,164.31 1 1
xiaozhi-esp32-server-golang/internal/pkg/nats/client.go:164.31,166.3 1 1
xiaozhi-esp32-server-golang/internal/pkg/nats/client.go:167.2,167.30 1 0
xiaozhi-esp32-server-golang/internal/pkg/nats/client.go:171.69,173.37 2 0
xiaozhi-esp32-server-golang/internal/pkg/nats/client.go:173.37,175.3 1 0
xiaozhi-esp32-server-golang/internal/pkg/nats/client.go:177.2,183.16 2 0
xiaozhi-esp32-server-golang/internal/pkg/nats/client.go:183.16,185.3 1 0
xiaozhi-esp32-server-golang/internal/pkg/nats/client.go:187.2,187.12 1 0
xiaozhi-esp32-server-golang/internal/pkg/nats/client.go:191.50,193.2 1 0
xiaozhi-esp32-server-golang/internal/pkg/nats/envelope.go:20.52,22.51 2 1
xiaozhi-esp32-server-golang/internal/pkg/nats/envelope.go:22.51,24.3 1 1
xiaozhi-esp32-server-golang/internal/pkg/nats/envelope.go:25.2,25.18 1 1
xiaozhi-esp32-server-golang/internal/pkg/nats/envelope.go:29.66,31.16 2 1
xiaozhi-esp32-server-golang/internal/pkg/nats/envelope.go:31.16,33.3 1 0
xiaozhi-esp32-server-golang/internal/pkg/nats/envelope.go:34.2,34.53 1 1
xiaozhi-esp32-server-golang/internal/pkg/nats/envelope.go:34.53,36.3 1 0
xiaozhi-esp32-server-golang/internal/pkg/nats/envelope.go:37.2,37.12 1 1
xiaozhi-esp32-server-golang/internal/pkg/nats/envelope.go:41.46,43.2 1 1
xiaozhi-esp32-server-golang/internal/pkg/nats/subscriber.go:21.58,27.2 1 0
xiaozhi-esp32-server-golang/internal/pkg/nats/subscriber.go:30.75,32.2 1 0
xiaozhi-esp32-server-golang/internal/pkg/nats/subscriber.go:35.41,36.44 1 0
xiaozhi-esp32-server-golang/internal/pkg/nats/subscriber.go:36.44,37.28 1 0
xiaozhi-esp32-server-golang/internal/pkg/nats/subscriber.go:37.28,38.12 1 0
xiaozhi-esp32-server-golang/internal/pkg/nats/subscriber.go:41.3,43.69 3 0
xiaozhi-esp32-server-golang/internal/pkg/nats/subscriber.go:43.69,44.30 1 0
xiaozhi-esp32-server-golang/internal/pkg/nats/subscriber.go:44.30,45.51 1 0
xiaozhi-esp32-server-golang/internal/pkg/nats/subscriber.go:45.51,50.6 1 0
xiaozhi-esp32-server-golang/internal/pkg/nats/subscriber.go:53.3,53.17 1 0
xiaozhi-esp32-server-golang/internal/pkg/nats/subscriber.go:53.17,55.4 1 0
xiaozhi-esp32-server-golang/internal/pkg/nats/subscriber.go:56.3,57.71 2 0
xiaozhi-esp32-server-golang/internal/pkg/nats/subscriber.go:59.2,59.12 1 0
xiaozhi-esp32-server-golang/internal/domain/agent/nats_sync_handler.go:91.92,97.2 1 0
xiaozhi-esp32-server-golang/internal/domain/agent/nats_sync_handler.go:100.45,105.2 4 0
xiaozhi-esp32-server-golang/internal/domain/agent/nats_sync_handler.go:108.81,110.16 2 1
xiaozhi-esp32-server-golang/internal/domain/agent/nats_sync_handler.go:110.16,112.3 1 1
xiaozhi-esp32-server-golang/internal/domain/agent/nats_sync_handler.go:114.2,115.66 2 1
xiaozhi-esp32-server-golang/internal/domain/agent/nats_sync_handler.go:115.66,117.3 1 0
xiaozhi-esp32-server-golang/internal/domain/agent/nats_sync_handler.go:120.2,128.45 2 1
xiaozhi-esp32-server-golang/internal/domain/agent/nats_sync_handler.go:128.45,132.3 3 0
xiaozhi-esp32-server-golang/internal/domain/agent/nats_sync_handler.go:134.2,136.12 3 1
xiaozhi-esp32-server-golang/internal/domain/agent/nats_sync_handler.go:140.81,142.16 2 1
xiaozhi-esp32-server-golang/internal/domain/agent/nats_sync_handler.go:142.16,144.3 1 0
xiaozhi-esp32-server-golang/internal/domain/agent/nats_sync_handler.go:146.2,147.66 2 1
xiaozhi-esp32-server-golang/internal/domain/agent/nats_sync_handler.go:147.66,149.3 1 0
xiaozhi-esp32-server-golang/internal/domain/agent/nats_sync_handler.go:152.2,153.16 2 1
xiaozhi-esp32-server-golang/internal/domain/agent/nats_sync_handler.go:153.16,157.3 3 1
xiaozhi-esp32-server-golang/internal/domain/agent/nats_sync_handler.go:160.2,160.22 1 1
xiaozhi-esp32-server-golang/internal/domain/agent/nats_sync_handler.go:160.22,162.3 1 1
xiaozhi-esp32-server-golang/internal/domain/agent/nats_sync_handler.go:163.2,163.26 1 1
xiaozhi-esp32-server-golang/internal/domain/agent/nats_sync_handler.go:163.26,165.3 1 1
xiaozhi-esp32-server-golang/internal/domain/agent/nats_sync_handler.go:167.2,167.45 1 1
xiaozhi-esp32-server-golang/internal/domain/agent/nats_sync_handler.go:167.45,171.3 3 0
xiaozhi-esp32-server-golang/internal/domain/agent/nats_sync_handler.go:173.2,175.12 3 1
xiaozhi-esp32-server-golang/internal/domain/agent/nats_sync_handler.go:179.81,181.16 2 1
xiaozhi-esp32-server-golang/internal/domain/agent/nats_sync_handler.go:181.16,183.3 1 0
xiaozhi-esp32-server-golang/internal/domain/agent/nats_sync_handler.go:185.2,186.66 2 1
xiaozhi-esp32-server-golang/internal/domain/agent/nats_sync_handler.go:186.66,188.3 1 0
xiaozhi-esp32-server-golang/internal/domain/agent/nats_sync_handler.go:191.2,192.16 2 1
xiaozhi-esp32-server-golang/internal/domain/agent/nats_sync_handler.go:192.16,196.3 3 1
xiaozhi-esp32-server-golang/internal/domain/agent/nats_sync_handler.go:198.2,198.48 1 1
xiaozhi-esp32-server-golang/internal/domain/agent/nats_sync_handler.go:198.48,202.3 3 0
xiaozhi-esp32-server-golang/internal/domain/agent/nats_sync_handler.go:204.2,206.12 3 1
xiaozhi-esp32-server-golang/internal/domain/agent/nats_sync_handler.go:210.103,219.77 2 1
xiaozhi-esp32-server-golang/internal/domain/agent/nats_sync_handler.go:219.77,221.3 1 0
xiaozhi-esp32-server-golang/internal/domain/agent/nats_sync_handler.go:231.52,236.2 1 1
xiaozhi-esp32-server-golang/internal/domain/agent/nats_sync_handler.go:238.58,243.2 4 1
xiaozhi-esp32-server-golang/internal/domain/agent/nats_sync_handler.go:245.58,248.2 2 1
xiaozhi-esp32-server-golang/internal/domain/agent/nats_sync_handler.go:250.55,253.2 2 1
xiaozhi-esp32-server-golang/internal/domain/agent/nats_sync_handler.go:255.66,257.9 2 1
xiaozhi-esp32-server-golang/internal/domain/agent/nats_sync_handler.go:257.9,259.3 1 1
xiaozhi-esp32-server-golang/internal/domain/agent/nats_sync_handler.go:260.2,260.19 1 1
xiaozhi-esp32-server-golang/internal/domain/agent/nats_sync_handler.go:263.76,264.33 1 1
xiaozhi-esp32-server-golang/internal/domain/agent/nats_sync_handler.go:264.33,265.31 1 1
xiaozhi-esp32-server-golang/internal/domain/agent/nats_sync_handler.go:265.31,267.4 1 1
xiaozhi-esp32-server-golang/internal/domain/agent/nats_sync_handler.go:269.2,269.56 1 1
xiaozhi-esp32-server-golang/internal/domain/agent/nats_sync_handler.go:273.40,276.2 2 1
xiaozhi-esp32-server-golang/internal/domain/ai_chat/nats_handler.go:105.131,113.2 1 1
xiaozhi-esp32-server-golang/internal/domain/ai_chat/nats_handler.go:116.41,118.47 1 0
xiaozhi-esp32-server-golang/internal/domain/ai_chat/nats_handler.go:118.47,120.3 1 0
xiaozhi-esp32-server-golang/internal/domain/ai_chat/nats_handler.go:123.2,126.12 3 0
xiaozhi-esp32-server-golang/internal/domain/ai_chat/nats_handler.go:130.66,132.2 1 1
xiaozhi-esp32-server-golang/internal/domain/ai_chat/nats_handler.go:135.70,138.16 2 1
xiaozhi-esp32-server-golang/internal/domain/ai_chat/nats_handler.go:138.16,141.3 2 0
xiaozhi-esp32-server-golang/internal/domain/ai_chat/nats_handler.go:143.2,144.64 2 1
xiaozhi-esp32-server-golang/internal/domain/ai_chat/nats_handler.go:144.64,147.3 2 0
xiaozhi-esp32-server-golang/internal/domain/ai_chat/nats_handler.go:150.2,150.29 1 1
xiaozhi-esp32-server-golang/internal/domain/ai_chat/nats_handler.go:150.29,152.3 1 1
xiaozhi-esp32-server-golang/internal/domain/ai_chat/nats_handler.go:155.2,156.16 2 1
xiaozhi-esp32-server-golang/internal/domain/ai_chat/nats_handler.go:156.16,159.3 2 1
xiaozhi-esp32-server-golang/internal/domain/ai_chat/nats_handler.go:162.2,169.16 5 1
xiaozhi-esp32-server-golang/internal/domain/ai_chat/nats_handler.go:169.16,172.3 2 1
xiaozhi-esp32-server-golang/internal/domain/ai_chat/nats_handler.go:175.2,176.45 2 1
xiaozhi-esp32-server-golang/internal/domain/ai_chat/nats_handler.go:176.45,178.17 2 1
xiaozhi-esp32-server-golang/internal/domain/ai_chat/nats_handler.go:178.17,181.4 1 0
xiaozhi-esp32-server-golang/internal/domain/ai_chat/nats_handler.go:181.9,183.4 1 1
xiaozhi-esp32-server-golang/internal/domain/ai_chat/nats_handler.go:187.2,194.38 2 1
xiaozhi-esp32-server-golang/internal/domain/ai_chat/nats_handler.go:198.83,200.18 2 1
xiaozhi-esp32-server-golang/internal/domain/ai_chat/nats_handler.go:200.18,202.3 1 1
xiaozhi-esp32-server-golang/internal/domain/ai_chat/nats_handler.go:204.2,204.27 1 1
xiaozhi-esp32-server-golang/internal/domain/ai_chat/nats_handler.go:204.27,206.3 1 1
xiaozhi-esp32-server-golang/internal/domain/ai_chat/nats_handler.go:207.2,207.29 1 1
xiaozhi-esp32-server-golang/internal/domain/ai_chat/nats_handler.go:207.29,209.3 1 1
xiaozhi-esp32-server-golang/internal/domain/ai_chat/nats_handler.go:210.2,210.28 1 1
xiaozhi-esp32-server-golang/internal/domain/ai_chat/nats_handler.go:210.28,212.3 1 1
xiaozhi-esp32-server-golang/internal/domain/ai_chat/nats_handler.go:214.2,214.15 1 1
xiaozhi-esp32-server-golang/internal/domain/ai_chat/nats_handler.go:218.79,220.2 1 1
xiaozhi-esp32-server-golang/internal/domain/ai_chat/nats_handler.go:223.84,230.2 2 1
xiaozhi-esp32-server-golang/internal/domain/ai_chat/nats_handler.go:238.116,239.20 1 1
xiaozhi-esp32-server-golang/internal/domain/ai_chat/nats_handler.go:239.20,241.3 1 1
xiaozhi-esp32-server-golang/internal/domain/ai_chat/nats_handler.go:242.2,242.24 1 1
xiaozhi-esp32-server-golang/internal/domain/ai_chat/nats_handler.go:251.100,252.20 1 1
xiaozhi-esp32-server-golang/internal/domain/ai_chat/nats_handler.go:252.20,254.3 1 1
xiaozhi-esp32-server-golang/internal/domain/ai_chat/nats_handler.go:255.2,255.19 1 1
xiaozhi-esp32-server-golang/internal/domain/ai_chat/nats_handler.go:263.40,267.2 1 1
xiaozhi-esp32-server-golang/internal/domain/ai_chat/nats_handler.go:269.71,271.9 2 1
xiaozhi-esp32-server-golang/internal/domain/ai_chat/nats_handler.go:271.9,273.3 1 1
xiaozhi-esp32-server-golang/internal/domain/ai_chat/nats_handler.go:274.2,274.19 1 1
xiaozhi-esp32-server-golang/internal/domain/chat/hooks/hub.go:19.70,21.2 1 0
xiaozhi-esp32-server-golang/internal/domain/chat/hooks/hub.go:23.23,24.30 1 0
xiaozhi-esp32-server-golang/internal/domain/chat/hooks/hub.go:24.30,26.3 1 0
xiaozhi-esp32-server-golang/internal/domain/chat/hooks/hub.go:27.2,28.46 2 0
xiaozhi-esp32-server-golang/internal/domain/chat/hooks/hub.go:28.46,29.49 1 0
xiaozhi-esp32-server-golang/internal/domain/chat/hooks/hub.go:29.49,31.4 1 0
xiaozhi-esp32-server-golang/internal/domain/chat/hooks/hub.go:35.70,36.27 1 0
xiaozhi-esp32-server-golang/internal/domain/chat/hooks/hub.go:36.27,38.3 1 0
xiaozhi-esp32-server-golang/internal/domain/chat/hooks/hub.go:39.2,39.37 1 0
xiaozhi-esp32-server-golang/internal/domain/chat/hooks/hub.go:39.37,41.3 1 0
xiaozhi-esp32-server-golang/internal/domain/chat/hooks/hub.go:42.2,43.12 2 0
xiaozhi-esp32-server-golang/internal/domain/chat/hooks/hub.go:46.38,47.30 1 0
xiaozhi-esp32-server-golang/internal/domain/chat/hooks/hub.go:47.30,49.3 1 0
xiaozhi-esp32-server-golang/internal/domain/chat/hooks/hub.go:50.2,50.22 1 0
xiaozhi-esp32-server-golang/internal/domain/chat/hooks/hub.go:53.51,54.30 1 0
xiaozhi-esp32-server-golang/internal/domain/chat/hooks/hub.go:54.30,56.3 1 0
xiaozhi-esp32-server-golang/internal/domain/chat/hooks/hub.go:57.2,57.28 1 0
xiaozhi-esp32-server-golang/internal/domain/chat/hooks/hub.go:60.79,61.30 1 0
xiaozhi-esp32-server-golang/internal/domain/chat/hooks/hub.go:61.30,63.3 1 0
xiaozhi-esp32-server-golang/internal/domain/chat/hooks/hub.go:64.2,64.59 1 0
xiaozhi-esp32-server-golang/internal/domain/chat/hooks/hub.go:67.86,68.30 1 0
xiaozhi-esp32-server-golang/internal/domain/chat/hooks/hub.go:68.30,70.3 1 0
xiaozhi-esp32-server-golang/internal/domain/chat/hooks/hub.go:72.2,73.30 2 0
xiaozhi-esp32-server-golang/internal/domain/chat/hooks/hub.go:73.30,75.3 1 0
xiaozhi-esp32-server-golang/internal/domain/chat/hooks/hub.go:76.2,76.27 1 0
xiaozhi-esp32-server-golang/internal/domain/chat/hooks/hub.go:79.91,81.2 1 0
xiaozhi-esp32-server-golang/internal/domain/chat/hooks/hub.go:83.88,85.2 1 0
xiaozhi-esp32-server-golang/internal/domain/chat/hooks/hub.go:87.100,89.2 1 0
xiaozhi-esp32-server-golang/internal/domain/chat/hooks/hub.go:91.88,93.2 1 0
xiaozhi-esp32-server-golang/internal/domain/chat/hooks/hub.go:95.53,98.2 2 0
xiaozhi-esp32-server-golang/internal/domain/chat/hooks/hub.go:100.76,103.2 2 0
xiaozhi-esp32-server-golang/internal/domain/chat/hooks/hub.go:105.62,108.2 2 0
xiaozhi-esp32-server-golang/internal/domain/chat/hooks/hub.go:110.83,111.106 1 1
xiaozhi-esp32-server-golang/internal/domain/chat/hooks/hub.go:111.106,112.13 1 0
xiaozhi-esp32-server-golang/internal/domain/chat/hooks/hub.go:116.93,117.30 1 1
xiaozhi-esp32-server-golang/internal/domain/chat/hooks/hub.go:117.30,119.3 1 1
xiaozhi-esp32-server-golang/internal/domain/chat/hooks/hub.go:120.2,120.72 1 0
xiaozhi-esp32-server-golang/internal/domain/chat/hooks/hub.go:120.72,122.3 1 0
xiaozhi-esp32-server-golang/internal/domain/chat/hooks/hub.go:123.2,123.147 1 0
xiaozhi-esp32-server-golang/internal/domain/chat/hooks/hub.go:123.147,125.3 1 0
xiaozhi-esp32-server-golang/internal/domain/chat/hooks/hub.go:126.2,126.12 1 0
xiaozhi-esp32-server-golang/internal/domain/chat/hooks/hub.go:129.85,130.103 1 1
xiaozhi-esp32-server-golang/internal/domain/chat/hooks/hub.go:130.103,131.13 1 0
xiaozhi-esp32-server-golang/internal/domain/chat/hooks/hub.go:135.91,136.30 1 1
xiaozhi-esp32-server-golang/internal/domain/chat/hooks/hub.go:136.30,138.3 1 1
xiaozhi-esp32-server-golang/internal/domain/chat/hooks/hub.go:139.2,139.69 1 0
xiaozhi-esp32-server-golang/internal/domain/chat/hooks/hub.go:139.69,141.3 1 0
xiaozhi-esp32-server-golang/internal/domain/chat/hooks/hub.go:142.2,142.126 1 0
xiaozhi-esp32-server-golang/internal/domain/chat/hooks/hub.go:142.126,144.3 1 0
xiaozhi-esp32-server-golang/internal/domain/chat/hooks/hub.go:145.2,145.12 1 0
xiaozhi-esp32-server-golang/internal/domain/chat/hooks/hub.go:148.87,149.16 1 0
xiaozhi-esp32-server-golang/internal/domain/chat/hooks/hub.go:149.16,151.3 1 0
xiaozhi-esp32-server-golang/internal/domain/chat/hooks/hub.go:152.2,152.45 1 0
xiaozhi-esp32-server-golang/internal/domain/chat/hooks/hub.go:152.45,153.51 1 0
xiaozhi-esp32-server-golang/internal/domain/chat/hooks/hub.go:153.51,154.31 1 0
xiaozhi-esp32-server-golang/internal/domain/chat/hooks/hub.go:154.31,156.5 1 0
xiaozhi-esp32-server-golang/internal/domain/chat/hooks/hub.go:157.4,157.30 1 0
xiaozhi-esp32-server-golang/internal/domain/chat/hooks/hub.go:157.30,159.5 1 0
xiaozhi-esp32-server-golang/internal/domain/chat/hooks/hub.go:161.3,161.24 1 0
xiaozhi-esp32-server-golang/internal/domain/chat/hooks/hub.go:161.24,162.12 1 0
xiaozhi-esp32-server-golang/internal/domain/chat/hooks/hub.go:164.3,164.27 1 0
xiaozhi-esp32-server-golang/internal/domain/chat/hooks/hub.go:164.27,165.81 1 0
xiaozhi-esp32-server-golang/internal/domain/chat/hooks/hub.go:165.81,167.5 1 0
xiaozhi-esp32-server-golang/internal/domain/chat/hooks/hub.go:169.3,169.26 1 0
xiaozhi-esp32-server-golang/internal/domain/chat/hooks/hub.go:169.26,170.54 1 0
xiaozhi-esp32-server-golang/internal/domain/chat/hooks/hub.go:170.54,172.5 1 0
xiaozhi-esp32-server-golang/internal/domain/chat/hooks/hub.go:175.2,175.12 1 0
xiaozhi-esp32-server-golang/internal/domain/chat/hooks/hub.go:178.93,180.2 1 0
xiaozhi-esp32-server-golang/internal/domain/chat/hooks/hub.go:182.54,184.2 1 0
xiaozhi-esp32-server-golang/internal/domain/chat/hooks/hub.go:186.51,188.9 2 0
xiaozhi-esp32-server-golang/internal/domain/chat/hooks/hub.go:188.9,190.3 1 0
xiaozhi-esp32-server-golang/internal/domain/chat/hooks/hub.go:191.2,191.24 1 0
xiaozhi-esp32-server-golang/internal/domain/chat/hooks/hub.go:191.24,193.3 1 0
xiaozhi-esp32-server-golang/internal/domain/chat/hooks/hub.go:194.2,194.16 1 0
xiaozhi-esp32-server-golang/internal/domain/chat/hooks/nats_bridge_plugin.go:28.90,40.51 2 1
xiaozhi-esp32-server-golang/internal/domain/chat/hooks/nats_bridge_plugin.go:40.51,42.4 1 0
xiaozhi-esp32-server-golang/internal/domain/chat/hooks/nats_bridge_plugin.go:47.92,52.2 1 1
xiaozhi-esp32-server-golang/internal/domain/chat/hooks/nats_bridge_plugin.go:54.43,54.67 1 1
xiaozhi-esp32-server-golang/internal/domain/chat/hooks/nats_bridge_plugin.go:55.43,55.56 1 1
xiaozhi-esp32-server-golang/internal/domain/chat/hooks/nats_bridge_plugin.go:58.60,60.2 1 1
xiaozhi-esp32-server-golang/internal/domain/chat/hooks/nats_bridge_plugin.go:63.42,65.2 1 1
xiaozhi-esp32-server-golang/internal/domain/chat/hooks/nats_bridge_plugin.go:68.70,69.39 1 1
xiaozhi-esp32-server-golang/internal/domain/chat/hooks/nats_bridge_plugin.go:69.39,71.3 1 1
xiaozhi-esp32-server-golang/internal/domain/chat/hooks/nats_bridge_plugin.go:74.2,82.12 4 1
xiaozhi-esp32-server-golang/internal/domain/chat/hooks/nats_bridge_plugin.go:86.70,87.39 1 1
xiaozhi-esp32-server-golang/internal/domain/chat/hooks/nats_bridge_plugin.go:87.39,89.3 1 0
xiaozhi-esp32-server-golang/internal/domain/chat/hooks/nats_bridge_plugin.go:91.2,92.9 2 1
xiaozhi-esp32-server-golang/internal/domain/chat/hooks/nats_bridge_plugin.go:92.9,94.3 1 0
xiaozhi-esp32-server-golang/internal/domain/chat/hooks/nats_bridge_plugin.go:96.2,104.12 2 1
xiaozhi-esp32-server-golang/internal/domain/chat/hooks/nats_bridge_plugin.go:104.12,105.77 1 1
xiaozhi-esp32-server-golang/internal/domain/chat/hooks/nats_bridge_plugin.go:105.77,107.4 1 1
xiaozhi-esp32-server-golang/internal/domain/chat/hooks/nats_bridge_plugin.go:107.9,109.4 1 1
xiaozhi-esp32-server-golang/internal/domain/chat/hooks/nats_bridge_plugin.go:115.92,116.39 1 1
xiaozhi-esp32-server-golang/internal/domain/chat/hooks/nats_bridge_plugin.go:116.39,118.3 1 0
xiaozhi-esp32-server-golang/internal/domain/chat/hooks/nats_bridge_plugin.go:120.2,121.9 2 1
xiaozhi-esp32-server-golang/internal/domain/chat/hooks/nats_bridge_plugin.go:121.9,123.3 1 0
xiaozhi-esp32-server-golang/internal/domain/chat/hooks/nats_bridge_plugin.go:126.2,126.16 1 1
xiaozhi-esp32-server-golang/internal/domain/chat/hooks/nats_bridge_plugin.go:126.16,135.13 2 1
xiaozhi-esp32-server-golang/internal/domain/chat/hooks/nats_bridge_plugin.go:135.13,136.80 1 1
xiaozhi-esp32-server-golang/internal/domain/chat/hooks/nats_bridge_plugin.go:136.80,138.5 1 0
xiaozhi-esp32-server-golang/internal/domain/chat/hooks/nats_bridge_plugin.go:138.10,140.5 1 1
xiaozhi-esp32-server-golang/internal/domain/chat/hooks/nats_bridge_plugin.go:145.2,145.28 1 1
xiaozhi-esp32-server-golang/internal/domain/chat/hooks/nats_bridge_plugin.go:149.74,150.39 1 1
xiaozhi-esp32-server-golang/internal/domain/chat/hooks/nats_bridge_plugin.go:150.39,152.3 1 0
xiaozhi-esp32-server-golang/internal/domain/chat/hooks/nats_bridge_plugin.go:154.2,160.12 2 1
xiaozhi-esp32-server-golang/internal/domain/chat/hooks/nats_bridge_plugin.go:160.12,161.79 1 1
xiaozhi-esp32-server-golang/internal/domain/chat/hooks/nats_bridge_plugin.go:161.79,163.4 1 0
xiaozhi-esp32-server-golang/internal/domain/chat/hooks/nats_bridge_plugin.go:163.9,165.4 1 1
xiaozhi-esp32-server-golang/internal/domain/chat/hooks/nats_bridge_plugin.go:170.51,172.2 1 1
xiaozhi-esp32-server-golang/internal/domain/chat/hooks/statistic_plugin.go:37.44,44.2 1 1
xiaozhi-esp32-server-golang/internal/domain/chat/hooks/statistic_plugin.go:46.55,46.69 1 0
xiaozhi-esp32-server-golang/internal/domain/chat/hooks/statistic_plugin.go:47.55,47.69 1 0
xiaozhi-esp32-server-golang/internal/domain/chat/hooks/statistic_plugin.go:49.44,64.51 3 0
xiaozhi-esp32-server-golang/internal/domain/chat/hooks/statistic_plugin.go:64.51,66.4 1 0
xiaozhi-esp32-server-golang/internal/domain/chat/hooks/statistic_plugin.go:72.2,72.22 1 0
xiaozhi-esp32-server-golang/internal/domain/chat/hooks/statistic_plugin.go:75.62,77.32 2 1
xiaozhi-esp32-server-golang/internal/domain/chat/hooks/statistic_plugin.go:77.32,79.3 1 0
xiaozhi-esp32-server-golang/internal/domain/chat/hooks/statistic_plugin.go:81.2,84.66 4 1
xiaozhi-esp32-server-golang/internal/domain/chat/hooks/statistic_plugin.go:84.66,86.3 1 0
xiaozhi-esp32-server-golang/internal/domain/chat/hooks/statistic_plugin.go:88.2,90.15 3 1
xiaozhi-esp32-server-golang/internal/domain/chat/hooks/statistic_plugin.go:90.15,92.3 1 1
xiaozhi-esp32-server-golang/internal/domain/chat/hooks/statistic_plugin.go:93.2,95.22 2 1
xiaozhi-esp32-server-golang/internal/domain/chat/hooks/statistic_plugin.go:95.22,97.3 1 1
xiaozhi-esp32-server-golang/internal/domain/chat/hooks/statistic_plugin.go:100.98,101.30 1 1
xiaozhi-esp32-server-golang/internal/domain/chat/hooks/statistic_plugin.go:101.30,102.73 1 1
xiaozhi-esp32-server-golang/internal/domain/chat/hooks/statistic_plugin.go:102.73,104.4 1 1
xiaozhi-esp32-server-golang/internal/domain/chat/hooks/statistic_plugin.go:105.3,105.41 1 1
xiaozhi-esp32-server-golang/internal/domain/chat/hooks/statistic_plugin.go:108.2,109.8 2 1
xiaozhi-esp32-server-golang/internal/domain/chat/hooks/statistic_plugin.go:109.8,111.3 1 1
xiaozhi-esp32-server-golang/internal/domain/chat/hooks/statistic_plugin.go:112.2,112.41 1 1
xiaozhi-esp32-server-golang/internal/domain/chat/hooks/statistic_plugin.go:112.41,114.3 1 1
xiaozhi-esp32-server-golang/internal/domain/chat/hooks/statistic_plugin.go:115.2,115.12 1 1
xiaozhi-esp32-server-golang/internal/domain/chat/hooks/statistic_plugin.go:118.52,119.15 1 1
xiaozhi-esp32-server-golang/internal/domain/chat/hooks/statistic_plugin.go:119.15,121.3 1 0
xiaozhi-esp32-server-golang/internal/domain/chat/hooks/statistic_plugin.go:122.2,122.93 1 1
xiaozhi-esp32-server-golang/internal/domain/chat/hooks/statistic_plugin.go:125.59,126.15 1 1
xiaozhi-esp32-server-golang/internal/domain/chat/hooks/statistic_plugin.go:127.78,128.14 1 1
xiaozhi-esp32-server-golang/internal/domain/chat/hooks/statistic_plugin.go:129.10,130.15 1 1
xiaozhi-esp32-server-golang/internal/domain/chat/hooks/statistic_plugin.go:134.76,141.2 5 1
xiaozhi-esp32-server-golang/internal/domain/chat/hooks/statistic_plugin.go:143.108,144.100 1 1
xiaozhi-esp32-server-golang/internal/domain/chat/hooks/statistic_plugin.go:144.100,146.3 1 1
xiaozhi-esp32-server-golang/internal/domain/chat/hooks/statistic_plugin.go:148.2,148.20 1 1
xiaozhi-esp32-server-golang/internal/domain/chat/hooks/statistic_plugin.go:149.23,150.71 1 1
xiaozhi-esp32-server-golang/internal/domain/chat/hooks/statistic_plugin.go:150.71,152.4 1 1
xiaozhi-esp32-server-golang/internal/domain/chat/hooks/statistic_plugin.go:153.21,154.24 1 1
xiaozhi-esp32-server-golang/internal/domain/chat/hooks/statistic_plugin.go:154.24,156.4 1 1
xiaozhi-esp32-server-golang/internal/domain/chat/hooks/statistic_plugin.go:157.3,159.19 3 1
xiaozhi-esp32-server-golang/internal/domain/chat/hooks/statistic_plugin.go:160.26,161.29 1 1
xiaozhi-esp32-server-golang/internal/domain/chat/hooks/statistic_plugin.go:161.29,163.4 1 1
xiaozhi-esp32-server-golang/internal/domain/chat/hooks/statistic_plugin.go:164.26,165.29 1 0
xiaozhi-esp32-server-golang/internal/domain/chat/hooks/statistic_plugin.go:165.29,167.4 1 0
xiaozhi-esp32-server-golang/internal/domain/chat/hooks/statistic_plugin.go:168.22,169.25 1 1
xiaozhi-esp32-server-golang/internal/domain/chat/hooks/statistic_plugin.go:169.25,171.4 1 1
xiaozhi-esp32-server-golang/internal/domain/chat/hooks/statistic_plugin.go:172.27,173.51 1 0
xiaozhi-esp32-server-golang/internal/domain/chat/hooks/statistic_plugin.go:173.51,175.4 1 0
xiaozhi-esp32-server-golang/internal/domain/chat/hooks/statistic_plugin.go:176.20,177.44 1 1
xiaozhi-esp32-server-golang/internal/domain/chat/hooks/statistic_plugin.go:177.44,179.4 1 1
xiaozhi-esp32-server-golang/internal/domain/chat/hooks/statistic_plugin.go:180.22,181.25 1 1
xiaozhi-esp32-server-golang/internal/domain/chat/hooks/statistic_plugin.go:181.25,183.4 1 1
xiaozhi-esp32-server-golang/internal/domain/chat/hooks/statistic_plugin.go:184.27,185.51 1 0
xiaozhi-esp32-server-golang/internal/domain/chat/hooks/statistic_plugin.go:185.51,187.4 1 0
xiaozhi-esp32-server-golang/internal/domain/chat/hooks/statistic_plugin.go:188.21,189.45 1 1
xiaozhi-esp32-server-golang/internal/domain/chat/hooks/statistic_plugin.go:189.45,191.4 1 1
xiaozhi-esp32-server-golang/internal/domain/chat/hooks/statistic_plugin.go:193.2,193.12 1 1
xiaozhi-esp32-server-golang/internal/domain/chat/hooks/statistic_plugin.go:196.40,197.43 1 1
xiaozhi-esp32-server-golang/internal/domain/chat/hooks/statistic_plugin.go:197.43,199.3 1 1
xiaozhi-esp32-server-golang/internal/domain/chat/hooks/statistic_plugin.go:200.2,200.20 1 1
xiaozhi-esp32-server-golang/internal/domain/chat/hooks/statistic_plugin.go:203.75,205.24 2 1
xiaozhi-esp32-server-golang/internal/domain/chat/hooks/statistic_plugin.go:205.24,207.3 1 0
xiaozhi-esp32-server-golang/internal/domain/chat/hooks/statistic_plugin.go:209.2,221.3 1 1
xiaozhi-esp32-server-golang/internal/domain/chat/hooks/statistic_plugin.go:224.59,227.48 2 0
xiaozhi-esp32-server-golang/internal/domain/chat/hooks/statistic_plugin.go:227.48,228.30 1 0
xiaozhi-esp32-server-golang/internal/domain/chat/hooks/statistic_plugin.go:228.30,229.12 1 0
xiaozhi-esp32-server-golang/internal/domain/chat/hooks/statistic_plugin.go:231.3,233.32 3 0
xiaozhi-esp32-server-golang/internal/domain/chat/hooks/types.go:61.38,61.68 1 0
xiaozhi-esp32-server-golang/internal/domain/chat/hooks/types.go:63.50,64.14 1 0
xiaozhi-esp32-server-golang/internal/domain/chat/hooks/types.go:64.14,66.3 1 0
xiaozhi-esp32-server-golang/internal/domain/chat/hooks/types.go:67.2,67.30 1 0
xiaozhi-esp32-server-golang/internal/domain/chat/hooks/types.go:70.50,71.14 1 0
xiaozhi-esp32-server-golang/internal/domain/chat/hooks/types.go:71.14,73.3 1 0
xiaozhi-esp32-server-golang/internal/domain/chat/hooks/types.go:74.2,76.12 3 0
xiaozhi-esp32-server-golang/internal/domain/chat/hooks/types.go:104.61,106.9 2 0
xiaozhi-esp32-server-golang/internal/domain/chat/hooks/types.go:106.9,108.3 1 0
xiaozhi-esp32-server-golang/internal/domain/chat/hooks/types.go:109.2,109.34 1 0
xiaozhi-esp32-server-golang/internal/domain/chat/hooks/types.go:109.34,111.3 1 0
xiaozhi-esp32-server-golang/internal/domain/chat/hooks/types.go:112.2,112.12 1 0
xiaozhi-esp32-server-golang/internal/domain/reminder/nats_handler.go:57.137,64.2 1 1
xiaozhi-esp32-server-golang/internal/domain/reminder/nats_handler.go:67.41,69.16 2 0
xiaozhi-esp32-server-golang/internal/domain/reminder/nats_handler.go:69.16,71.3 1 0
xiaozhi-esp32-server-golang/internal/domain/reminder/nats_handler.go:72.2,73.12 2 0
xiaozhi-esp32-server-golang/internal/domain/reminder/nats_handler.go:77.61,80.16 2 1
xiaozhi-esp32-server-golang/internal/domain/reminder/nats_handler.go:80.16,83.3 2 0
xiaozhi-esp32-server-golang/internal/domain/reminder/nats_handler.go:86.2,87.66 2 1
xiaozhi-esp32-server-golang/internal/domain/reminder/nats_handler.go:87.66,90.3 2 0
xiaozhi-esp32-server-golang/internal/domain/reminder/nats_handler.go:92.2,97.16 3 1
xiaozhi-esp32-server-golang/internal/domain/reminder/nats_handler.go:97.16,100.3 2 1
xiaozhi-esp32-server-golang/internal/domain/reminder/nats_handler.go:102.2,102.19 1 1
xiaozhi-esp32-server-golang/internal/domain/reminder/nats_handler.go:102.19,105.3 2 0
xiaozhi-esp32-server-golang/internal/domain/reminder/nats_handler.go:108.2,112.16 4 1
xiaozhi-esp32-server-golang/internal/domain/reminder/nats_handler.go:112.16,115.3 2 1
xiaozhi-esp32-server-golang/internal/domain/reminder/nats_handler.go:118.2,118.82 1 1
xiaozhi-esp32-server-golang/internal/domain/reminder/nats_handler.go:118.82,121.3 2 0
xiaozhi-esp32-server-golang/internal/domain/reminder/nats_handler.go:123.2,126.18 2 1
xiaozhi-esp32-server-golang/internal/domain/reminder/nats_handler.go:126.18,128.3 1 0
xiaozhi-esp32-server-golang/internal/domain/reminder/nats_handler.go:132.84,133.29 1 1
xiaozhi-esp32-server-golang/internal/domain/reminder/nats_handler.go:133.29,138.34 3 1
xiaozhi-esp32-server-golang/internal/domain/reminder/nats_handler.go:138.34,141.4 2 1
xiaozhi-esp32-server-golang/internal/domain/reminder/nats_handler.go:143.3,143.70 1 0
xiaozhi-esp32-server-golang/internal/domain/reminder/nats_handler.go:143.70,146.4 2 0
xiaozhi-esp32-server-golang/internal/domain/reminder/nats_handler.go:148.3,148.74 1 0
xiaozhi-esp32-server-golang/internal/domain/reminder/nats_handler.go:157.48,161.2 1 1
xiaozhi-esp32-server-golang/internal/domain/reminder/nats_handler.go:163.67,165.9 2 1
xiaozhi-esp32-server-golang/internal/domain/reminder/nats_handler.go:165.9,167.3 1 1
xiaozhi-esp32-server-golang/internal/domain/reminder/nats_handler.go:168.2,168.20 1 1
xiaozhi-esp32-server-golang/internal/domain/reminder/nats_handler.go:177.100,178.20 1 1
xiaozhi-esp32-server-golang/internal/domain/reminder/nats_handler.go:178.20,180.3 1 1
xiaozhi-esp32-server-golang/internal/domain/reminder/nats_handler.go:181.2,181.25 1 1
xiaozhi-esp32-server-golang/internal/domain/reminder/nats_handler.go:190.44,194.2 1 1
xiaozhi-esp32-server-golang/internal/domain/reminder/nats_handler.go:196.78,197.20 1 1
xiaozhi-esp32-server-golang/internal/domain/reminder/nats_handler.go:197.20,199.3 1 1
xiaozhi-esp32-server-golang/internal/domain/reminder/nats_handler.go:200.2,201.12 2 1
